--- 
recorded_with: VCR 2.8.0
http_interactions: 
- request: 
    method: get
    uri: http://abner.oliveira%40serpro.gov.br:serpro@localhost:3030/questions/621.xml
    body: 
      string: ""
    headers: 
      Accept: 
      - application/xml
  response: 
    status: 
      code: 200
      message: "OK "
    headers: 
      Connection: 
      - Keep-Alive
      Server: 
      - WEBrick/1.3.1 (Ruby/1.8.7/2013-06-27)
      Content-Length: 
      - "958"
      Content-Type: 
      - application/xml; charset=utf-8
      X-Runtime: 
      - "32"
      Set-Cookie: 
      - _rebirth_session_key=BAh7BzoOcmV0dXJuX3RvIhcvcXVlc3Rpb25zLzYyMS54bWw6D3Nlc3Npb25faWQiJTQ2MWY3MTJiYzYzYjY4YWRjMTJmMGZmN2IzMmVjMzMz--05dbc88956fa03abd2ae25e1f17a3013e9a1787c; path=/; HttpOnly
      Etag: 
      - "\"6aff43874c87f80028ca1c7a2d991209\""
      Cache-Control: 
      - private, max-age=0, must-revalidate
      Date: 
      - Tue, 25 Feb 2014 14:16:31 GMT
    body: 
      string: |
        <?xml version="1.0" encoding="UTF-8"?>
        <question>
          <active type="boolean">true</active>
          <choices-count type="integer">3</choices-count>
          <created-at type="datetime">2014-02-25T14:16:26Z</created-at>
          <creator-id type="integer">8</creator-id>
          <id type="integer">621</id>
          <inactive-choices-count type="integer">0</inactive-choices-count>
          <information nil="true"></information>
          <it-should-autoactivate-ideas type="boolean">false</it-should-autoactivate-ideas>
          <local-identifier>1</local-identifier>
          <name>Q1</name>
          <prompts-count type="integer">1</prompts-count>
          <show-results type="boolean">true</show-results>
          <site-id type="integer">1</site-id>
          <tracking nil="true"></tracking>
          <updated-at type="datetime">2014-02-25T14:16:28Z</updated-at>
          <uses-catchup type="boolean">true</uses-catchup>
          <version type="integer">5</version>
          <votes-count type="integer">1</votes-count>
          <item-count type="integer">3</item-count>
        </question>

    http_version: 
  recorded_at: Tue, 25 Feb 2014 14:16:31 GMT
- request: 
    method: get
    uri: http://abner.oliveira%40serpro.gov.br:serpro@localhost:3030/questions/621/choices.xml
    body: 
      string: ""
    headers: 
      Accept: 
      - application/xml
  response: 
    status: 
      code: 200
      message: "OK "
    headers: 
      Connection: 
      - Keep-Alive
      Server: 
      - WEBrick/1.3.1 (Ruby/1.8.7/2013-06-27)
      Content-Length: 
      - "1164"
      Content-Type: 
      - application/xml; charset=utf-8
      X-Runtime: 
      - "99"
      Set-Cookie: 
      - _rebirth_session_key=BAh7BzoOcmV0dXJuX3RvIh8vcXVlc3Rpb25zLzYyMS9jaG9pY2VzLnhtbDoPc2Vzc2lvbl9pZCIlMWUyNjY1MDZiNTkzZTM5MDEzM2Y4ZDc2N2QzMjYzY2I%3D--ceff6da5ab575a41b71bfb638547461cd1cbd43f; path=/; HttpOnly
      Etag: 
      - "\"a5a0c9425001380b71ed291465b72272\""
      Cache-Control: 
      - private, max-age=0, must-revalidate
      Date: 
      - Tue, 25 Feb 2014 14:16:31 GMT
    body: 
      string: |
        <?xml version="1.0" encoding="UTF-8"?>
        <choices type="array">
          <choice>
            <active type="boolean">true</active>
            <created-at type="datetime">2014-02-25T14:16:26Z</created-at>
            <data>Choice 1</data>
            <id type="integer">1300</id>
            <losses type="integer">0</losses>
            <score type="float">66.6666666666667</score>
            <wins type="integer">1</wins>
            <user-created type="boolean">false</user-created>
          </choice>
          <choice>
            <active type="boolean">true</active>
            <created-at type="datetime">2014-02-25T14:16:26Z</created-at>
            <data>Choice 2</data>
            <id type="integer">1301</id>
            <losses type="integer">0</losses>
            <score type="float">50.0</score>
            <wins type="integer">0</wins>
            <user-created type="boolean">false</user-created>
          </choice>
        </choices>

    http_version: 
  recorded_at: Tue, 25 Feb 2014 14:16:31 GMT
- request: 
    method: get
    uri: http://abner.oliveira%40serpro.gov.br:serpro@localhost:3030/questions/621/choices.xml
    body: 
      string: ""
    headers: 
      Accept: 
      - application/xml
  response: 
    status: 
      code: 200
      message: "OK "
    headers: 
      Connection: 
      - Keep-Alive
      Server: 
      - WEBrick/1.3.1 (Ruby/1.8.7/2013-06-27)
      Content-Length: 
      - "1164"
      Content-Type: 
      - application/xml; charset=utf-8
      X-Runtime: 
      - "35"
      Set-Cookie: 
      - _rebirth_session_key=BAh7BzoOcmV0dXJuX3RvIh8vcXVlc3Rpb25zLzYyMS9jaG9pY2VzLnhtbDoPc2Vzc2lvbl9pZCIlMDlkZmFjMjRhNWMzMGExNzJiNzk1ZjM1ZGU1NGQ1MDI%3D--bb514cb4f127f50c940f46fda9dcd7ba676c8832; path=/; HttpOnly
      Etag: 
      - "\"a5a0c9425001380b71ed291465b72272\""
      Cache-Control: 
      - private, max-age=0, must-revalidate
      Date: 
      - Tue, 25 Feb 2014 14:16:32 GMT
    body: 
      string: |
        <?xml version="1.0" encoding="UTF-8"?>
        <choices type="array">
          <choice>
            <active type="boolean">true</active>
            <created-at type="datetime">2014-02-25T14:16:26Z</created-at>
            <data>Choice 1</data>
            <id type="integer">1300</id>
            <losses type="integer">0</losses>
            <score type="float">66.6666666666667</score>
            <wins type="integer">1</wins>
            <user-created type="boolean">false</user-created>
          </choice>
          <choice>
            <active type="boolean">true</active>
            <created-at type="datetime">2014-02-25T14:16:26Z</created-at>
            <data>Choice 2</data>
            <id type="integer">1301</id>
            <losses type="integer">0</losses>
            <score type="float">50.0</score>
            <wins type="integer">0</wins>
            <user-created type="boolean">false</user-created>
          </choice>
        </choices>

    http_version: 
  recorded_at: Tue, 25 Feb 2014 14:16:32 GMT
